. 
├─ 1
│  external: false
│  image: node-image
│  tags: 1
│  cmd: 'echo 'test 1''
│  listen: tcp:1, tcp:2
│  networks: test-net
│  │ 
│  ├─ 2: tcp:2
│  └─ 3: tcp:3
│ 
├─ 2
│  external: false
│  tags: 2
│  cmd: 'echo 'test 2''
│  listen: tcp:2
│  networks: test-net
│  │ 
│  ├─ 1: tcp:1, tcp:2, tcp:3
│  └─ 3: tcp:3
│ 
└─ 3
   external: false
   tags: 3
   cmd: 'echo 'test 3''
   listen: tcp:3
   networks: test-net
